
--Dirección del juego ---
https://overthewire.org/wargames/bandit/

--Video para ayuda ----
https://www.youtube.com/watch?v=RUorAzaDftg&t=3435s

-- Del nivel 1 al 5 tienen hasta el 05/08/2021 para completarlo y averiguar todo lo posible de lo que se trata---
-- Recompensa, si es que lo terminan a tiempo es 15 soles de propina para cada uno ----

---INSTRUCCIONES ---

1. Abrir una PowerShell como administrado.


----- APUNTES DE AYUDA ---

# connection to ssh
$ssh userName@hostname -p 2220
# then password

# te da la IP v4 y v6 de tu maquina
$hostname -I
$ ls -la /
#Ver los permisos de un fichero en particular
$ls -l fichero.pdf


# Leer un fichero
$cat readme.txt

# Ver con que usuario estoy
$whoami

# Leer los fichero que empiezan por un "-" puede ser un problema
# porque el sistema te lo toma como un parameto y se queda escuchando
$cat -

#Ver la ruta en la que te encuentras
$pwd

#En el directoria actual abrir el fichero con el siguiente nombre
$cat ./-
#Otra forma seria tirando de la ruta absoluta
$cat /home/bandit1/-
# O englobando en un criterio general *
$cat /home/bandit1/*


#acceder a nobre de archivos con espacios en el nombre
$cat "nombre del archivo"
#tambien puedes escribir la primera letras y autocompletar con TAB
$ cat nom<TAB>
#tambien puedes usar el * para 
$cat nom*
# o usar *xxx*
$cat *del*
$pwd

bandit2@bandit:~$ cat /home/bandit2/*
#si tienes un unico fichero
$cat *
#ver ficheros ocultos
$ls -a inhere/
# Buscame cualquier recurso en esta ruta actual
$find .
# Los ficheros o recurson que empiezan con un punto "." no se ven.

# ver que tipo de fichero es:
bandit3@bandit:~/inhere$ file .hidden
.hidden: ASCII text


# Usando file como criterio en el comando find
$find . -type f
# Comando find con formato y tabulacion al fichero .
$find . -type f -printf "%f\t%p\t%u\t%g\t%m\n" | colum -t

$find . -type f | xargs grep "password"

######## PERMISOS A FICHEROS ########
# dar permisos a los ficheros, se le quita a grupo privilegio de rw
# y se le da a otros privilegios de escritura
$chmod g-rw,o+w

#agregar un flag +i para que no se pueda borrar ni escribir,
# ni siquiera por el owner o root, y se lista con lsattr 
$chattr +i -V test.txt 
$lsattr

# buscar fichero por nombre"file" y *
$ find . -name -file*
# ver de que tipo es el fichero
bandit4@bandit:~/inhere$ file ./*
$file *
# leer contenido de archivo -file07
bandit4@bandit:~/inhere$ cat ./-file07

# ver solo archivos(omitir directorios), que sean legibles,
# y con capacidad de escritura, para negar el comando
# usamos el !
$ find . -type f -readeble -writable ! -executable


Bandit Level 5 → Level 6
human-readable
1033 bytes in size
not executable

# ahora buscamos fichero con el atributo de size con c
# al final para decir que son bytes
$ find . -type f -readable ! -executable -size 1033c
# finalmente le podemos hacer un | xargs cat para verlo
$ find . -type f -readable ! -executable -size 1033c | xargs cat
bandit5@bandit:~/inhere$ find . -type f -readable ! -executable -size 1033c | xargs cat | xargs

# Buscar dentro de un fichero una palabra o criterio
# delimitas el inicio con ^ y final con $
$ cat /usr/share/file.txt | grep "^hola$"

Bandit Level 6 --> Level 7
The password for the next level is stored somewhere on the server and has all of the following properties:
owned by user bandit7
owned by group bandit6
33 bytes in size

# Busca desde la raiz "/" donde el usuario sea bandit7 y el grupo bandit6. El argumento "2" hace referencia al STDR que controlo los errores. Comando para borrar todo tu equipo(mv /* /dev/null)
$ find / -user bandit7 -group bandit6 -size 33c 2>/dev/null | xargs cat


# Ejecutar un programa y tirar los errores al null, asi mismo disasociar la consola del programa que correra, el 2 significa errores de sistema, y el & es para segundo plano
# usa el disown para independizar un proceso


Bandit Level 7 → Level 8
The password for the next level is stored in the file data.txt next to the word millionth

$firefox > /dev/null 2>&1 & disown
# Mostrar una palabra en un fichero
$ grep "millionth" data.txt -n
$ awk '/millionth/' cat data.txt

# usar el atributo n para ver la linea donde se encuentra

$ awk '/millionth/' cat data.txt -n

Bandit Level 8 → Level 9
The password for the next level is stored in the file data.txt and is the only line of text that occurs only once

# ver cuantas lineas tiene un fichero de texto con "wc"(worfd count), -l(lineas), o -c(caracteres)
$ cat data.txt | wc -l
# ver solo las cadenas unicas del fichero
$ cat data.txt | sort | uniq -u
bandit8@bandit:~$ uniq --help

Bandit Level 9 → Level 10
The password for the next level is stored in the file data.txt in one of the few human-readable strings, preceded by several ‘=’ characters.
# ver caracteres imprimibles y filtrar con criterio "==="
$ strings data.txt | grep "==="
# y podemos iterar para ver el numero de linea
$ contador=1; string data.txt | grep "===" | while read line; do echo "Linea $line"; let contador+=; done | awk 'NR==4' | awk 'NF{print $NF}'
# para quedarte con el ultimo argumento del output
| awk 'NF{print $NF}'

Bandit Level 10 → Level 11
The password for the next level is stored in the file data.txt, which contains base64 encoded data para decodificar cadena de base64
bandit10@bandit:~$ base64 --help
$ cat data.txt | base64 -d

# mostrar las diferencias entre dos ficheros
$ diff password.old password.new
# ver que archivos tienen un comprimido
$ 7z l data.gzip
# lsof para ver que procesos estan corriendo y los puertos que ocupan
$ lsof -i:80


Bandit Level 11 → Level 12
The password for the next level is stored in the file data.txt, where all lowercase (a-z) and uppercase (A-Z) letters have been rotated by 13 positions





boJ9jbbUNNfktd78OOpsqOltutMc3MY1
CV1DtqXWVFXTvM2F0k09SHz0YwRINYA9  (-)
UmHadQclWmgdLOKQ3YNgjWxGoRMb5luK  (spaces)
pIwrPrtPN36QITSp3EQaw936yaFoFgAB  (. ficheros ocultos)
koReBOKuIDDepwhWk7jZC0RTdopnAYKh  (fichero humanamente legible)
DXjZPULLxYr17uwoI01bNLQbtFemEgo7  (human-readable, 1033c)
HKBPTKQnIay4Fw76bEy8PVxKEDQRKTzs  (owned by user, groip, and size)
cvX2JJa4CFALtqS87jk27qwqGhBM9plV  (encontrar palabra en un fichero)
UsvVyFSfZZWbi6wgC7dAFyFuR6jQQUhR  (cadena unica en un fichero)
truKLdjsbJ5g7yyJ2X2R0o3a5HQJFuLk  (encontrar cadena de caracteres en fichero)
IFukwKGsFW8MOq3IRFqrxE1hxTNEbUPR  (cadena de base64)














